\BOOKMARK [1][-]{section.1}{\376\377\000I\000n\000t\000r\000o\000d\000u\000k\000t\000i\000o\000n}{}% 1
\BOOKMARK [1][-]{section.2}{\376\377\000G\000u\000i\000d\000e\000\040\000t\000i\000l\000l\000\040\000N\000a\000t\000i\000o\000n\000s\000k\000o\000m\000p\000a\000s\000s\000e\000n}{}% 2
\BOOKMARK [2][-]{subsection.2.1}{\376\377\000F\000\366\000r\000u\000t\000s\000\344\000t\000t\000n\000i\000n\000g\000a\000r}{section.2}% 3
\BOOKMARK [2][-]{subsection.2.2}{\376\377\000I\000n\000s\000t\000a\000l\000l\000a\000t\000i\000o\000n}{section.2}% 4
\BOOKMARK [2][-]{subsection.2.3}{\376\377\000S\000t\000a\000r\000t\000a\000\040\000p\000r\000o\000g\000r\000a\000m\000m\000e\000t}{section.2}% 5
\BOOKMARK [2][-]{subsection.2.4}{\376\377\000V\000i\000s\000a\000\040\000\366\000p\000p\000n\000a\000\040\000p\000u\000b\000b\000a\000r}{section.2}% 6
\BOOKMARK [2][-]{subsection.2.5}{\376\377\000S\000k\000a\000p\000a\000\040\000e\000n\000\040\000p\000u\000b\000r\000u\000n\000d\000a}{section.2}% 7
\BOOKMARK [2][-]{subsection.2.6}{\376\377\000A\000v\000s\000l\000u\000t\000a\000\040\000p\000r\000o\000g\000r\000a\000m\000m\000e\000t}{section.2}% 8
\BOOKMARK [2][-]{subsection.2.7}{\376\377\000F\000e\000l\000h\000a\000n\000t\000e\000r\000i\000n\000g\000\040\000o\000c\000h\000\040\000v\000a\000n\000l\000i\000g\000a\000\040\000p\000r\000o\000b\000l\000e\000m}{section.2}% 9
\BOOKMARK [1][-]{section.3}{\376\377\000P\000r\000o\000g\000r\000a\000m\000d\000o\000k\000u\000m\000e\000n\000t\000a\000t\000i\000o\000n}{}% 10
\BOOKMARK [2][-]{subsection.3.1}{\376\377\000A\000l\000l\000m\000\344\000n\000\040\000d\000e\000s\000i\000g\000n\000\040\000p\000\345\000\040\000p\000r\000o\000g\000r\000a\000m\000m\000e\000t}{section.3}% 11
\BOOKMARK [2][-]{subsection.3.2}{\376\377\000V\000i\000k\000t\000i\000g\000a\000\040\000d\000a\000t\000a\000s\000t\000r\000u\000k\000t\000u\000r\000e\000r\000\040\000o\000c\000h\000\040\000a\000l\000g\000o\000r\000i\000t\000m\000e\000r}{section.3}% 12
\BOOKMARK [3][-]{subsubsection.3.2.1}{\376\377\000D\000a\000t\000a\000s\000t\000r\000u\000k\000t\000u\000r\000e\000r}{subsection.3.2}% 13
\BOOKMARK [3][-]{subsubsection.3.2.2}{\376\377\000A\000l\000g\000o\000r\000i\000t\000m\000e\000r}{subsection.3.2}% 14
\BOOKMARK [2][-]{subsection.3.3}{\376\377\000M\000o\000d\000u\000l\000e\000r\000\040\000o\000c\000h\000\040\000b\000i\000b\000l\000i\000o\000t\000e\000k}{section.3}% 15
\BOOKMARK [2][-]{subsection.3.4}{\376\377\000V\000i\000k\000t\000i\000g\000a\000\040\000f\000u\000n\000k\000t\000i\000o\000n\000e\000r}{section.3}% 16
\BOOKMARK [2][-]{subsection.3.5}{\376\377\000K\000o\000n\000t\000r\000o\000l\000l\000f\000l\000\366\000d\000e\000\040\000o\000c\000h\000\040\000h\000j\000\344\000l\000p\000f\000u\000n\000k\000t\000i\000o\000n\000e\000r}{section.3}% 17
\BOOKMARK [1][-]{section.4}{\376\377\000T\000e\000s\000t\000n\000i\000n\000g}{}% 18
\BOOKMARK [2][-]{subsection.4.1}{\376\377\000e\000x\000t\000r\000a\000c\000t\000\137\000e\000s\000s\000e\000n\000t\000i\000a\000l\000\137\000d\000a\000t\000a}{section.4}% 19
\BOOKMARK [2][-]{subsection.4.2}{\376\377\000b\000u\000i\000l\000d\000\137\000n\000a\000t\000i\000o\000n\000\137\000m\000a\000t\000r\000i\000x}{section.4}% 20
\BOOKMARK [2][-]{subsection.4.3}{\376\377\000c\000r\000e\000a\000t\000e\000\137\000r\000o\000u\000t\000e}{section.4}% 21
\BOOKMARK [1][-]{section.5}{\376\377\000D\000i\000s\000k\000u\000s\000s\000i\000o\000n}{}% 22
\BOOKMARK [2][-]{subsection.5.1}{\376\377\000V\000a\000l\000\040\000u\000n\000d\000e\000r\000\040\000p\000r\000o\000j\000e\000k\000t\000e\000t\000s\000\040\000g\000\345\000n\000g}{section.5}% 23
\BOOKMARK [2][-]{subsection.5.2}{\376\377\000s\000v\000a\000g\000h\000e\000t\000e\000r}{section.5}% 24
\BOOKMARK [2][-]{subsection.5.3}{\376\377\000F\000r\000a\000m\000t\000i\000d\000a\000\040\000p\000r\000o\000j\000e\000k\000t}{section.5}% 25
\BOOKMARK [1][-]{section.6}{\376\377\000S\000a\000m\000m\000a\000n\000f\000a\000t\000t\000n\000i\000n\000g\000,\000\040\000k\000a\000n\000\040\000s\000l\000\345\000s\000\040\000i\000h\000o\000p\000\040\000m\000e\000d\000\040\000d\000i\000s\000k\000u\000s\000s\000i\000o\000n\000e\000n\000,\000\040\000e\000l\000l\000e\000r\000\040\000s\000u\000b\000s\000e\000c\000t\000i\000o\000n}{}% 26
\BOOKMARK [1][-]{section*.10}{\376\377\000B\000i\000l\000a\000g\000o\000r}{}% 27
